[backblue.gif]
[fade.gif]
[index.html]
[precisionpathlab.com/assets/img/pathlab.png]
[precisionpathlab.com/assets/img/favicon.png]
[precisionpathlab.com/assets/img/testimonials/kartik.jpg]
[precisionpathlab.com/assets/img/dept-pathology.jpg]
[precisionpathlab.com/assets/img/dept-cardiology.jpg]
[precisionpathlab.com/assets/img/dept-neurology.jpg]
[static.elfsight.com/platform/platform.js]
[precisionpathlab.com/img/whatsapp1.png]
[precisionpathlab.com/assets/vendor/purecounter/purecounter_vanilla.js]
[precisionpathlab.com/assets/vendor/bootstrap/js/bootstrap.bundle.min.js]
[precisionpathlab.com/assets/vendor/glightbox/js/glightbox.min.js]
[precisionpathlab.com/assets/vendor/swiper/swiper-bundle.min.js]
[precisionpathlab.com/assets/vendor/php-email-form/validate.js]
[precisionpathlab.com/assets/js/main.js]
[cdnjs.cloudflare.com/ajax/libs/jquery/3.3.1/jquery.min.js]
[code.jquery.com/jquery-3.6.4.min.js]
[precisionpathlab.com/index.html]
[www.googletagmanager.com/gtm5445.html]
[precisionpathlab.com/assets/img/apple-touch-icon.html]
[precisionpathlab.com/assets/vendor/fontawesome-free/css/all.min.css]
[precisionpathlab.com/assets/vendor/animate.css/animate.min.css]
[precisionpathlab.com/assets/vendor/bootstrap/css/bootstrap.min.css]
[cdnjs.cloudflare.com/ajax/libs/OwlCarousel2/2.3.4/owl.carousel.min.js]
[precisionpathlab.com/assets/vendor/bootstrap-icons/fonts/bootstrap-iconsbf04.woff2]
[precisionpathlab.com/assets/vendor/bootstrap-icons/fonts/bootstrap-iconsbf04.woff]
[precisionpathlab.com/assets/vendor/bootstrap-icons/bootstrap-icons.css]
[precisionpathlab.com/assets/vendor/boxicons/fonts/boxicons.eot]
[precisionpathlab.com/assets/vendor/boxicons/fonts/boxicons.woff2]
[precisionpathlab.com/assets/vendor/boxicons/fonts/boxicons.woff]
[precisionpathlab.com/assets/vendor/boxicons/fonts/boxicons.ttf]
[precisionpathlab.com/assets/vendor/boxicons/css/boxicons.min.css]
[precisionpathlab.com/assets/vendor/glightbox/css/glightbox.min.css]
[precisionpathlab.com/assets/vendor/remixicon/remixicondf6d.eot]
[precisionpathlab.com/assets/vendor/remixicon/remixicondf6d.woff2]
[precisionpathlab.com/assets/vendor/remixicon/remixicondf6d.woff]
[precisionpathlab.com/assets/vendor/remixicon/remixicondf6d.ttf]
[precisionpathlab.com/assets/vendor/remixicon/remixicon.css]
[precisionpathlab.com/assets/vendor/swiper/swiper-bundle.min.css]
[precisionpathlab.com/assets/img/banner1.jpg]
[precisionpathlab.com/assets/img/about.jpg]
[precisionpathlab.com/assets/css/style.css]
[precisionpathlab.com/assets/img/about-precision.png]
[precisionpathlab.com/assets/img/dr-sameer.jpg]
[precisionpathlab.com/assets/img/dr-arundhati.jpg]
[precisionpathlab.com/assets/img/dr-neetu.jpg]
[precisionpathlab.com/assets/img/drpooja.jpg]
[precisionpathlab.com/about.html]
[code.jquery.com/ui/1.10.4/themes/ui-lightness/jquery-ui.css]
[code.jquery.com/jquery-1.10.2.js]
[code.jquery.com/ui/1.10.4/jquery-ui.js]
[precisionpathlab.com/book-test.html]
[precisionpathlab.com/assets/img/icon1.png]
[precisionpathlab.com/assets/img/icon2.png]
[precisionpathlab.com/assets/img/icon3.png]
[precisionpathlab.com/assets/img/icon4.png]
[precisionpathlab.com/assets/img/full-check-up.png]
[precisionpathlab.com/assets/img/test.png]
[precisionpathlab.com/full-body-check-up-in-jaipur.html]
[precisionpathlab.com/laboratories.html]
[precisionpathlab.com/assets/img/home-collection.jpg]
[precisionpathlab.com/home-collection.html]
[precisionpathlab.com/contact.html]
[precisionpathlab.com/img/Best Path Lab in Jaipur.html]
[precisionpathlab.com/img/pathology-labs-in-jaipur.html]
[precisionpathlab.com/img/Paths-lab-in-Jaipur.html]
[precisionpathlab.com/about-2.html]
[precisionpathlab.com/img/ram chand.html]
[precisionpathlab.com/img/kartik.html]
[precisionpathlab.com/img/abhishek.html]
[precisionpathlab.com/img/testimonials/reema dev.html]
[precisionpathlab.com/img/Path lab in Jaipur.html]
[precisionpathlab.com/img/pathology lab in jaipur.html]
[code.jquery.com/jquery-1.12.0.min.js]
[precisionpathlab.com/blog/comments/feed/index.html]
[precisionpathlab.com/blog/feed/index.html]
[precisionpathlab.com/blog/wp-includes/js/jquery/jquery.minf43b.js]
[precisionpathlab.com/blog/wp-includes/js/jquery/jquery-migrate.min5589.js]
[precisionpathlab.com/blog/wp-content/themes/bizberg/assets/bootstrap/js/bootstrap.min5a72.js]
[precisionpathlab.com/blog/xmlrpc0db0.php]
[precisionpathlab.com/blog/wp-content/uploads/2023/07/cropped-cropped-pathlab-32x32.png]
[precisionpathlab.com/blog/wp-content/uploads/2023/07/cropped-cropped-pathlab-192x192.png]
[precisionpathlab.com/blog/wp-content/uploads/2023/07/cropped-cropped-pathlab-180x180.png]
[precisionpathlab.com/blog/wp-content/themes/bizberg/assets/images/breadcrum.jpg]
[precisionpathlab.com/blog/wp-json/index.html]
[precisionpathlab.com/blog/wp-content/fonts/playfair-display/nuFiD-vYSZviVYUb_rj3ij__anPXDTjYgFE_.woff2]
[precisionpathlab.com/blog/wp-content/fonts/playfair-display/nuFiD-vYSZviVYUb_rj3ij__anPXDTPYgFE_.woff2]
[precisionpathlab.com/blog/wp-content/fonts/playfair-display/nuFiD-vYSZviVYUb_rj3ij__anPXDTLYgFE_.woff2]
[precisionpathlab.com/blog/wp-content/fonts/playfair-display/nuFiD-vYSZviVYUb_rj3ij__anPXDTzYgA.woff2]
[precisionpathlab.com/blog/wp-content/fonts/open-sans/memvYaGs126MiZpBA-UvWbX2vVnXBbObj2OVTSKmu1aB.woff2]
[precisionpathlab.com/blog/wp-content/fonts/open-sans/memvYaGs126MiZpBA-UvWbX2vVnXBbObj2OVTSumu1aB.woff2]
[precisionpathlab.com/blog/wp-content/fonts/open-sans/memvYaGs126MiZpBA-UvWbX2vVnXBbObj2OVTSOmu1aB.woff2]
[precisionpathlab.com/blog/wp-content/fonts/open-sans/memvYaGs126MiZpBA-UvWbX2vVnXBbObj2OVTSymu1aB.woff2]
[precisionpathlab.com/blog/wp-content/fonts/open-sans/memvYaGs126MiZpBA-UvWbX2vVnXBbObj2OVTS2mu1aB.woff2]
[precisionpathlab.com/blog/wp-content/fonts/open-sans/memvYaGs126MiZpBA-UvWbX2vVnXBbObj2OVTVOmu1aB.woff2]
[precisionpathlab.com/blog/wp-content/fonts/open-sans/memvYaGs126MiZpBA-UvWbX2vVnXBbObj2OVTUGmu1aB.woff2]
[precisionpathlab.com/blog/wp-content/fonts/open-sans/memvYaGs126MiZpBA-UvWbX2vVnXBbObj2OVTSCmu1aB.woff2]
[precisionpathlab.com/blog/wp-content/fonts/open-sans/memvYaGs126MiZpBA-UvWbX2vVnXBbObj2OVTSGmu1aB.woff2]
[precisionpathlab.com/blog/wp-content/fonts/open-sans/memvYaGs126MiZpBA-UvWbX2vVnXBbObj2OVTS-muw.woff2]
[precisionpathlab.com/blog/wp-content/uploads/2023/07/cropped-pathlab.png]
[precisionpathlab.com/blog/wp-content/uploads/2023/07/medicalbanner-scaled.jpg]
[precisionpathlab.com/blog/wp-content/uploads/2025/02/KUB-Ultrasound.png]
[precisionpathlab.com/blog/wp-content/uploads/2025/01/difference-between-heart-rate-and-pulse-rate.jpg]
[precisionpathlab.com/blog/wp-content/uploads/2024/12/Different-Types-of-Diabetes-Tests.png]
[precisionpathlab.com/blog/wp-content/uploads/2024/10/Causes-of-Chills-and-Rigors-Without-Fever.jpg]
[precisionpathlab.com/blog/wp-content/uploads/2024/09/high-creatinine-levels.png]
[precisionpathlab.com/blog/wp-content/uploads/2024/08/How-to-Increase-White-Blood-Cell-Count.jpg]
[precisionpathlab.com/blog/wp-content/uploads/2024/07/precision-1.png]
[precisionpathlab.com/blog/wp-content/uploads/2024/06/Ultimate-Guide-to-Understanding-SGPT-and-SGOT-Normal-Range.png]
[precisionpathlab.com/blog/wp-content/uploads/2024/05/What-Your-Urine-Color-Says-About-Your-Health.png]
[cdnjs.cloudflare.com/ajax/libs/jquery/3.7.1/jquery.min.js]
[precisionpathlab.com/blog/wp-includes/js/imagesloaded.minbb93.js]
[precisionpathlab.com/blog/wp-includes/js/masonry.min3a05.js]
[precisionpathlab.com/blog/wp-content/themes/bizberg/assets/js/jquery.mousewheel.min5a72.js]
[precisionpathlab.com/blog/wp-content/themes/bizberg/assets/js/jquery.inview.min5a72.js]
[precisionpathlab.com/blog/wp-content/themes/bizberg/assets/js/jquery.slicknav.min5a72.js]
[precisionpathlab.com/blog/wp-content/themes/bizberg/assets/js/jquery.matchHeight-min5a72.js]
[precisionpathlab.com/blog/wp-content/themes/bizberg/assets/js/swiper5a72.js]
[precisionpathlab.com/blog/wp-content/themes/bizberg/assets/js/prognroll5a72.js]
[precisionpathlab.com/blog/wp-content/themes/bizberg/assets/js/theia-sticky-sidebar5a72.js]
[precisionpathlab.com/blog/wp-content/themes/bizberg/assets/js/custom5a72.js]
[precisionpathlab.com/blog/wp-content/plugins/forminator/assets/js/library/jquery.validate.mina382.js]
[precisionpathlab.com/blog/wp-content/plugins/forminator/assets/forminator-ui/js/forminator-form.mina382.js]
[precisionpathlab.com/blog/wp-content/plugins/forminator/build/front/front.multi.mina382.js]
[precisionpathlab.com/blog/wp-content/plugins/forminator/assets/js/library/intlTelInput.mina382.js]
[precisionpathlab.com/blog/wp-content/plugins/forminator/assets/js/library/libphonenumber.mina382.js]
[www.google.com/recaptcha/api559b.js]
[precisionpathlab.com/blog/index.html]
[precisionpathlab.com/feedback.html]
[precisionpathlab.com/assets/vendor/boxicons/fonts/boxiconsd41d.svg]
[precisionpathlab.com/assets/vendor/remixicon/remixicondf6d.svg]
[precisionpathlab.com/assets/img/bbanner.html]
[precisionpathlab.com/index-2.html]
[code.jquery.com/ui/1.10.4/themes/ui-lightness/images/animated-overlay.gif]
[code.jquery.com/ui/1.10.4/themes/ui-lightness/images/ui-bg_highlight-soft_100_eeeeee_1x100.png]
[code.jquery.com/ui/1.10.4/themes/ui-lightness/images/ui-bg_gloss-wave_35_f6a828_500x100.png]
[code.jquery.com/ui/1.10.4/themes/ui-lightness/images/ui-bg_glass_100_f6f6f6_1x400.png]
[code.jquery.com/ui/1.10.4/themes/ui-lightness/images/ui-bg_glass_100_fdf5ce_1x400.png]
[code.jquery.com/ui/1.10.4/themes/ui-lightness/images/ui-bg_glass_65_ffffff_1x400.png]
[code.jquery.com/ui/1.10.4/themes/ui-lightness/images/ui-bg_highlight-soft_75_ffe45c_1x100.png]
[code.jquery.com/ui/1.10.4/themes/ui-lightness/images/ui-bg_diagonals-thick_18_b81900_40x40.png]
[code.jquery.com/ui/1.10.4/themes/ui-lightness/images/ui-icons_222222_256x240.png]
[code.jquery.com/ui/1.10.4/themes/ui-lightness/images/ui-icons_ffffff_256x240.png]
[code.jquery.com/ui/1.10.4/themes/ui-lightness/images/ui-icons_ef8c08_256x240.png]
[code.jquery.com/ui/1.10.4/themes/ui-lightness/images/ui-icons_228ef1_256x240.png]
[code.jquery.com/ui/1.10.4/themes/ui-lightness/images/ui-icons_ffd27a_256x240.png]
[code.jquery.com/ui/1.10.4/themes/ui-lightness/images/ui-bg_diagonals-thick_20_666666_40x40.png]
[code.jquery.com/ui/1.10.4/themes/ui-lightness/images/ui-bg_flat_10_000000_40x100.png]
[code.jquery.com/ui/1.10.4/themes/ui-lightness/jquery-ui.css]
[precisionpathlab.com/img/medical.png]
[precisionpathlab.com/img/medical-team.png]
[precisionpathlab.com/img/blood-test.png]
[precisionpathlab.com/cbc-test-price-in-jaipur.html]
[precisionpathlab.com/img/boy.png]
[precisionpathlab.com/allergy-test-in-jaipur.html]
[precisionpathlab.com/book-test-2.html]
[precisionpathlab.com/blog/wp-content/uploads/2024/04/Skin-Allergies.jpg]
[precisionpathlab.com/blog/wp-content/uploads/2024/03/Types-of-Echocardiogram.jpg]
[precisionpathlab.com/blog/wp-content/uploads/2024/02/how-to-increase-hemoglobin-level.jpg]
[precisionpathlab.com/blog/wp-content/uploads/2024/01/viral-fever-blood-test-precision-pathlab.jpg]
[precisionpathlab.com/blog/wp-content/uploads/2023/12/Understand-Diffеrеncе-bеtwееn-Food-Intolеrancе-and-Food-Allеrgy.png]
[precisionpathlab.com/blog/wp-content/uploads/2023/11/Guide-About-Food-Intolerance.png]
[precisionpathlab.com/blog/wp-content/uploads/2023/10/CBC-test-in-hindi.png]
[precisionpathlab.com/blog/wp-content/uploads/2023/09/How-to-control-thyroid-in-Females.jpg]
[precisionpathlab.com/blog/wp-content/uploads/2023/09/How-to-read-blood-test-report.png]
[precisionpathlab.com/blog/page/2/index.html]
[precisionpathlab.com/blog/wp-includes/css/dist/block-library/style.min6c2d.css]
[precisionpathlab.com/blog/wp-content/themes/bizberg/assets/bootstrap/fonts/glyphicons-halflings-regular.eot]
[precisionpathlab.com/blog/wp-content/themes/bizberg/assets/bootstrap/fonts/glyphicons-halflings-regulard41d.eot]
[precisionpathlab.com/blog/wp-content/themes/bizberg/assets/bootstrap/fonts/glyphicons-halflings-regular.woff2]
[precisionpathlab.com/blog/wp-content/themes/bizberg/assets/bootstrap/fonts/glyphicons-halflings-regular.woff]
[precisionpathlab.com/blog/wp-content/themes/bizberg/assets/bootstrap/fonts/glyphicons-halflings-regular.ttf]
[precisionpathlab.com/blog/wp-content/themes/bizberg/assets/bootstrap/css/bootstrap.min5a72.css]
[precisionpathlab.com/blog/wp-content/themes/bizberg/assets/icons/font-awesome-5/webfonts/fa-brands-400.eot]
[precisionpathlab.com/blog/wp-content/themes/bizberg/assets/icons/font-awesome-5/webfonts/fa-brands-400d41d.eot]
[precisionpathlab.com/blog/wp-content/themes/bizberg/assets/icons/font-awesome-5/webfonts/fa-brands-400.woff2]
[precisionpathlab.com/blog/wp-content/themes/bizberg/assets/icons/font-awesome-5/webfonts/fa-brands-400.woff]
[precisionpathlab.com/blog/wp-content/themes/bizberg/assets/icons/font-awesome-5/webfonts/fa-brands-400.ttf]
[precisionpathlab.com/blog/wp-content/themes/bizberg/assets/icons/font-awesome-5/webfonts/fa-regular-400.eot]
[precisionpathlab.com/blog/wp-content/themes/bizberg/assets/icons/font-awesome-5/webfonts/fa-regular-400d41d.eot]
[precisionpathlab.com/blog/wp-content/themes/bizberg/assets/icons/font-awesome-5/webfonts/fa-regular-400.woff2]
[precisionpathlab.com/blog/wp-content/themes/bizberg/assets/icons/font-awesome-5/webfonts/fa-regular-400.woff]
[precisionpathlab.com/blog/wp-content/themes/bizberg/assets/icons/font-awesome-5/webfonts/fa-regular-400.ttf]
[precisionpathlab.com/blog/wp-content/themes/bizberg/assets/icons/font-awesome-5/webfonts/fa-solid-900.eot]
[precisionpathlab.com/blog/wp-content/themes/bizberg/assets/icons/font-awesome-5/webfonts/fa-solid-900d41d.eot]
[precisionpathlab.com/blog/wp-content/themes/bizberg/assets/icons/font-awesome-5/webfonts/fa-solid-900.woff2]
[precisionpathlab.com/blog/wp-content/themes/bizberg/assets/icons/font-awesome-5/webfonts/fa-solid-900.woff]
[precisionpathlab.com/blog/wp-content/themes/bizberg/assets/icons/font-awesome-5/webfonts/fa-solid-900.ttf]
[precisionpathlab.com/blog/wp-content/themes/bizberg/assets/icons/font-awesome-5/css/all5a72.css]
[precisionpathlab.com/blog/wp-content/themes/bizberg/assets/fonts/OpenSansRegular.eot]
[precisionpathlab.com/blog/wp-content/themes/bizberg/assets/fonts/OpenSansRegular.woff2]
[precisionpathlab.com/blog/wp-content/themes/bizberg/assets/fonts/OpenSansRegular.woff]
[precisionpathlab.com/blog/wp-content/themes/bizberg/assets/fonts/OpenSansRegular.ttf]
[precisionpathlab.com/blog/wp-content/themes/bizberg/assets/fonts/MontserratRegular.eot]
[precisionpathlab.com/blog/wp-content/themes/bizberg/assets/fonts/MontserratRegular.woff2]
[precisionpathlab.com/blog/wp-content/themes/bizberg/assets/fonts/MontserratRegular.woff]
[precisionpathlab.com/blog/wp-content/themes/bizberg/assets/fonts/MontserratRegular.ttf]
[precisionpathlab.com/blog/wp-content/themes/bizberg/assets/css/main5a72.css]
[precisionpathlab.com/blog/wp-content/themes/bizberg/assets/css/component5a72.css]
[wp3.commonsupport.com/newwp/borvel/wp-content/uploads/2018/07/6-1.jpg]
[precisionpathlab.com/blog/wp-content/themes/bizberg/assets/css/style5a72.css]
[precisionpathlab.com/blog/wp-content/themes/bizberg/assets/css/responsive5a72.css]
[precisionpathlab.com/blog/wp-content/themes/bizberg/style6c2d.css]
[precisionpathlab.com/blog/wp-content/fonts/lato/S6u9w4BMUTPHh7USSwaPGR_p.woff2]
[precisionpathlab.com/blog/wp-content/fonts/lato/S6u9w4BMUTPHh7USSwiPGQ.woff2]
[precisionpathlab.com/blog/wp-content/fonts/lato/S6uyw4BMUTPHjxAwXjeu.woff2]
[precisionpathlab.com/blog/wp-content/fonts/lato/S6uyw4BMUTPHjx4wXg.woff2]
[precisionpathlab.com/blog/wp-content/fonts/lato/S6u9w4BMUTPHh6UVSwaPGR_p.woff2]
[precisionpathlab.com/blog/wp-content/fonts/lato/S6u9w4BMUTPHh6UVSwiPGQ.woff2]
[precisionpathlab.com/blog/wp-content/fonts/lato/S6u9w4BMUTPHh50XSwaPGR_p.woff2]
[precisionpathlab.com/blog/wp-content/fonts/lato/S6u9w4BMUTPHh50XSwiPGQ.woff2]
[precisionpathlab.com/blog/wp-content/fonts/75ceaa2dddfda2c9f966dd759ce3d62a.css]
[precisionpathlab.com/blog/wp-json/wp/v2/posts/197.json]
[precisionpathlab.com/blog/wp-json/oembed/1.0/embedfe8e.json]
[precisionpathlab.com/blog/wp-json/oembed/1.0/embedc206]
[precisionpathlab.com/blog/kub-ultrasound/index.html]
[precisionpathlab.com/blog/wp-json/wp/v2/categories/2.json]
[precisionpathlab.com/blog/category/blog/feed/index.html]
[precisionpathlab.com/blog/category/blog/index.html]
[precisionpathlab.com/blog/wp-json/wp/v2/posts/189.json]
[precisionpathlab.com/blog/wp-json/oembed/1.0/embedea27.json]
[precisionpathlab.com/blog/wp-json/oembed/1.0/embed9ab8]
[precisionpathlab.com/blog/difference-between-heart-rate-and-pulse-rate/index.html]
[precisionpathlab.com/blog/wp-json/wp/v2/posts/183.json]
[precisionpathlab.com/blog/wp-json/oembed/1.0/embedbba3.json]
[precisionpathlab.com/blog/wp-json/oembed/1.0/embedd9da]
[precisionpathlab.com/blog/different-types-of-diabetes-tests/index.html]
[precisionpathlab.com/blog/wp-json/wp/v2/posts/1.json]
[precisionpathlab.com/blog/the-importance-of-regular-full-body-checkups/feed/index.html]
[precisionpathlab.com/blog/wp-json/oembed/1.0/embed599b.json]
[precisionpathlab.com/blog/wp-json/oembed/1.0/embedd794]
[precisionpathlab.com/blog/wp-includes/js/comment-reply.min6c2d.js]
[precisionpathlab.com/blog/the-importance-of-regular-full-body-checkups/index.html]
[precisionpathlab.com/blog/wp-content/uploads/2023/07/Importance-Benefits-of-Full-Body-Checkups-768x256.html]
[precisionpathlab.com/blog/wp-json/wp/v2/posts/178.json]
[precisionpathlab.com/blog/wp-json/oembed/1.0/embed19df.json]
[precisionpathlab.com/blog/wp-json/oembed/1.0/embedb123]
[precisionpathlab.com/blog/causes-of-chills-and-rigors-without-fever/index.html]
[precisionpathlab.com/blog/wp-json/wp/v2/posts/173.json]
[precisionpathlab.com/blog/wp-json/oembed/1.0/embedc1df.json]
[precisionpathlab.com/blog/wp-json/oembed/1.0/embed0d55]
[precisionpathlab.com/blog/guide-to-understand-high-creatinine-levels/index.html]
[precisionpathlab.com/blog/wp-json/wp/v2/posts/168.json]
[precisionpathlab.com/blog/wp-json/oembed/1.0/embedd3d0.json]
[precisionpathlab.com/blog/wp-json/oembed/1.0/embedf736]
[precisionpathlab.com/blog/how-to-increase-white-blood-cells-count/index.html]
[precisionpathlab.com/blog/wp-json/wp/v2/posts/159.json]
[precisionpathlab.com/blog/wp-json/oembed/1.0/embed51a2.json]
[precisionpathlab.com/blog/wp-json/oembed/1.0/embed4e08]
[precisionpathlab.com/blog/common-symptoms-of-dengue-fever/index.html]
[precisionpathlab.com/blog/wp-json/wp/v2/posts/153.json]
[precisionpathlab.com/blog/wp-json/oembed/1.0/embedb0a4.json]
[precisionpathlab.com/blog/wp-json/oembed/1.0/embed60e5]
[precisionpathlab.com/blog/guide-to-understand-sgpt-and-sgot-level/index.html]
[precisionpathlab.com/blog/wp-json/wp/v2/posts/146.json]
[precisionpathlab.com/blog/wp-json/oembed/1.0/embed0acd.json]
[precisionpathlab.com/blog/wp-json/oembed/1.0/embed5baa]
[precisionpathlab.com/blog/urine-color-chart/index.html]
[precisionpathlab.com/blog/wp-content/uploads/forminator/24_20c28c9b11f483975f7452ff63322386/css/style-247d9e.css]
[precisionpathlab.com/blog/wp-content/plugins/forminator/assets/forminator-ui/fonts/forminator-icons-font8782.eot]
[precisionpathlab.com/blog/wp-content/plugins/forminator/assets/forminator-ui/fonts/forminator-icons-font8782.woff2]
[precisionpathlab.com/blog/wp-content/plugins/forminator/assets/forminator-ui/fonts/forminator-icons-font8782.woff]
[precisionpathlab.com/blog/wp-content/plugins/forminator/assets/forminator-ui/fonts/forminator-icons-font8782.ttf]
[precisionpathlab.com/blog/wp-content/plugins/forminator/assets/forminator-ui/css/forminator-icons.mina382.css]
[precisionpathlab.com/blog/wp-content/plugins/forminator/assets/forminator-ui/css/src/forminator-utilities.mina382.css]
[precisionpathlab.com/blog/wp-content/plugins/forminator/assets/forminator-ui/css/src/grid/forminator-grid.open.mina382.css]
[precisionpathlab.com/blog/wp-content/plugins/forminator/assets/forminator-ui/css/src/form/forminator-form-flat.base.mina382.css]
[precisionpathlab.com/blog/wp-content/plugins/forminator/assets/img/flagsc4ca.png]
[precisionpathlab.com/blog/wp-content/plugins/forminator/assets/img/flags@2xc4ca.png]
[precisionpathlab.com/blog/wp-content/plugins/forminator/assets/img/globe.png]
[precisionpathlab.com/blog/wp-content/plugins/forminator/assets/img/globe@2x.png]
[precisionpathlab.com/blog/wp-content/plugins/forminator/assets/css/intlTelInput.minfa0c.css]
[precisionpathlab.com/blog/wp-includes/css/buttons.min6c2d.css]
[precisionpathlab.com/img/male.svg]
[precisionpathlab.com/img/female.svg]
[precisionpathlab.com/img/group.svg]
[precisionpathlab.com/img/watch.svg]
[precisionpathlab.com/img/home_visit.svg]
[precisionpathlab.com/img/labflask.svg]
[precisionpathlab.com/blog/wp-json/wp/v2/posts/140.json]
[precisionpathlab.com/blog/wp-json/oembed/1.0/embedc359.json]
[precisionpathlab.com/blog/wp-json/oembed/1.0/embed700f]
[precisionpathlab.com/blog/types-of-skin-allergies/index.html]
[precisionpathlab.com/blog/wp-json/wp/v2/posts/134.json]
[precisionpathlab.com/blog/wp-json/oembed/1.0/embedb2aa.json]
[precisionpathlab.com/blog/wp-json/oembed/1.0/embed7161]
[precisionpathlab.com/blog/wp-content/uploads/2024/03/Transesophageal-Echocardiogram.png]
[precisionpathlab.com/blog/types-of-echocardiogram/index.html]
[precisionpathlab.com/blog/wp-json/wp/v2/posts/123.json]
[precisionpathlab.com/blog/wp-json/oembed/1.0/embedf0da.json]
[precisionpathlab.com/blog/wp-json/oembed/1.0/embed6010]
[precisionpathlab.com/blog/how-to-increase-hemoglobin-levels/index.html]
[precisionpathlab.com/blog/wp-json/wp/v2/posts/113.json]
[precisionpathlab.com/blog/wp-json/oembed/1.0/embedd5f4.json]
[precisionpathlab.com/blog/wp-json/oembed/1.0/embedf95f]
[precisionpathlab.com/blog/crucial-role-of-blood-tests-for-fever/index.html]
[precisionpathlab.com/blog/wp-json/wp/v2/posts/98.json]
[precisionpathlab.com/blog/wp-json/oembed/1.0/embedf4b4.json]
[precisionpathlab.com/blog/wp-json/oembed/1.0/embeda007]
[precisionpathlab.com/blog/wp-content/uploads/2023/12/Diffеrеncеs-bеtwееn-Food-Intolеrancе-and-Food-Allеrgy.jpg]
[precisionpathlab.com/blog/difference-between-food-intolerance-and-food-allergy/index.html]
[precisionpathlab.com/blog/wp-json/wp/v2/posts/80.json]
[precisionpathlab.com/blog/wp-json/oembed/1.0/embed1a48.json]
[precisionpathlab.com/blog/wp-json/oembed/1.0/embed4032]
[precisionpathlab.com/blog/understand-food-intolerance/index.html]
[precisionpathlab.com/blog/wp-json/wp/v2/posts/64.json]
[precisionpathlab.com/blog/wp-json/oembed/1.0/embed2802.json]
[precisionpathlab.com/blog/wp-json/oembed/1.0/embedbdd9]
[precisionpathlab.com/blog/cbc-test-in-hindi/index.html]
[precisionpathlab.com/blog/wp-json/wp/v2/posts/54.json]
[precisionpathlab.com/blog/wp-json/oembed/1.0/embed53ba.json]
[precisionpathlab.com/blog/wp-json/oembed/1.0/embed0eb2]
[precisionpathlab.com/blog/how-to-control-thyroid-in-female/index.html]
[precisionpathlab.com/blog/wp-json/wp/v2/posts/48.json]
[precisionpathlab.com/blog/wp-json/oembed/1.0/embedabe9.json]
[precisionpathlab.com/blog/wp-json/oembed/1.0/embed4ae5]
[precisionpathlab.com/blog/how-to-read-a-blood-test-report/index.html]
[precisionpathlab.com/blog/wp-json/wp/v2/posts/33.json]
[precisionpathlab.com/blog/wp-json/oembed/1.0/embedd425.json]
[precisionpathlab.com/blog/wp-json/oembed/1.0/embed6dbb]
[precisionpathlab.com/blog/causes-of-food-allergies/index.html]
[precisionpathlab.com/blog/wp-content/uploads/2023/08/10-main-cause-of-food-allergies-768x256.html]
[precisionpathlab.com/blog/wp-content/themes/bizberg/assets/bootstrap/fonts/glyphicons-halflings-regular.svg]
[precisionpathlab.com/blog/wp-content/themes/bizberg/assets/icons/font-awesome-5/webfonts/fa-brands-400.svg]
[precisionpathlab.com/blog/wp-content/themes/bizberg/assets/icons/font-awesome-5/webfonts/fa-regular-400.svg]
[precisionpathlab.com/blog/wp-content/themes/bizberg/assets/icons/font-awesome-5/webfonts/fa-solid-900.svg]
[precisionpathlab.com/blog/wp-content/themes/bizberg/assets/fonts/OpenSansRegular.svg]
[precisionpathlab.com/blog/wp-content/themes/bizberg/assets/fonts/Aclonica.html]
[precisionpathlab.com/blog/wp-content/themes/bizberg/assets/fonts/Aclonica-2.html]
[precisionpathlab.com/blog/wp-content/themes/bizberg/assets/fonts/Aclonica-3.html]
[precisionpathlab.com/blog/wp-content/themes/bizberg/assets/fonts/Aclonica-4.html]
[precisionpathlab.com/blog/wp-content/themes/bizberg/assets/fonts/Aclonica-5.html]
[precisionpathlab.com/blog/wp-content/themes/bizberg/assets/fonts/MontserratRegular.svg]
[precisionpathlab.com/blog/wp-content/themes/bizberg/assets/css/fonts/slick.html]
[precisionpathlab.com/blog/wp-content/themes/bizberg/assets/css/fonts/slickd41d.html]
[precisionpathlab.com/blog/wp-content/themes/bizberg/assets/css/fonts/slick-2.html]
[precisionpathlab.com/blog/wp-content/themes/bizberg/assets/css/fonts/slick-3.html]
[precisionpathlab.com/blog/wp-content/themes/bizberg/assets/css/fonts/slick-4.html]
[precisionpathlab.com/blog/wp-content/themes/bizberg/assets/images/cta2/cta2-bg.html]
[precisionpathlab.com/blog/wp-content/themes/bizberg/assets/images/testimonial/bg.html]
[precisionpathlab.com/blog/wp-content/themes/bizberg/assets/images/animated-number/bg.html]
[precisionpathlab.com/blog/wp-content/themes/bizberg/assets/images/touch.html]
[precisionpathlab.com/blog/wp-content/themes/bizberg/assets/images/bread-bg.html]
[precisionpathlab.com/blog/wp-content/themes/bizberg/assets/images/skill-bg.html]
[precisionpathlab.com/blog/wp-content/themes/bizberg/assets/images/team/01.html]
[precisionpathlab.com/blog/wp-content/themes/bizberg/assets/images/team/02.html]
[precisionpathlab.com/blog/wp-content/themes/bizberg/assets/images/team/04.html]
[precisionpathlab.com/blog/wp-content/themes/bizberg/assets/images/team/03.html]
[precisionpathlab.com/blog/wp-content/themes/bizberg/assets/img/stamp.html]
[precisionpathlab.com/blog/wp-content/themes/bizberg/assets/img/line.html]
[precisionpathlab.com/blog/wp-content/themes/bizberg/assets/img/blackboard.html]
[precisionpathlab.com/blog/index85b3.html]
[precisionpathlab.com/blog/wp-json/wp/v2/users/1.json]
[precisionpathlab.com/blog/author/thecogentmarketing/feed/index.html]
[precisionpathlab.com/blog/author/thecogentmarketing/index.html]
[precisionpathlab.com/blog/category/blog/page/2/index.html]
[precisionpathlab.com/blog/indexa80c.html]
[precisionpathlab.com/blog/indexe8f5.html]
[precisionpathlab.com/blog/indexcff1.html]
[precisionpathlab.com/blog/xmlrpc.php]
[precisionpathlab.com/blog/wp-content/uploads/2023/07/Importance-Benefits-of-Full-Body-Checkups-1024x341.html]
[precisionpathlab.com/blog/indexb50d.html]
[precisionpathlab.com/blog/indexec4a.html]
[precisionpathlab.com/blog/indexada0.html]
[precisionpathlab.com/blog/indexb950.html]
[precisionpathlab.com/blog/indexd7d8.html]
[precisionpathlab.com/blog/indexf488.html]
[precisionpathlab.com/blog/wp-content/plugins/forminator/assets/forminator-ui/fonts/forminator-icons-font8782.svg]
[precisionpathlab.com/blog/index248a.html]
[precisionpathlab.com/blog/index47f2.html]
[precisionpathlab.com/blog/indexb8c4.html]
[precisionpathlab.com/blog/wp-content/uploads/2024/02/Foods-That-Increase-Hemoglobin-1024x576.html]
[precisionpathlab.com/blog/index3961.html]
[precisionpathlab.com/blog/indexb6ad.html]
[precisionpathlab.com/blog/indexbde5.html]
[precisionpathlab.com/blog/index8cd4.html]
[precisionpathlab.com/blog/indexcc0f.html]
[precisionpathlab.com/blog/index94b0.html]
[precisionpathlab.com/blog/indexdd23.html]
[precisionpathlab.com/blog/wp-content/uploads/2023/08/10-main-cause-of-food-allergies-1024x341.html]
[precisionpathlab.com/blog/author/thecogentmarketing/page/2/index.html]
